------------------------------------------------------------
Timing Analyzer Summary
------------------------------------------------------------

Type  : Slow 1200mV 85C Model Setup 'clk'
Slack : 11.975
TNS   : 0.000

Type  : Slow 1200mV 85C Model Hold 'clk'
Slack : 0.401
TNS   : 0.000

Type  : Slow 1200mV 85C Model Recovery 'clk'
Slack : 16.124
TNS   : 0.000

Type  : Slow 1200mV 85C Model Removal 'clk'
Slack : 2.172
TNS   : 0.000

Type  : Slow 1200mV 85C Model Minimum Pulse Width 'clk'
Slack : 9.739
TNS   : 0.000

Type  : Slow 1200mV 0C Model Setup 'clk'
Slack : 12.749
TNS   : 0.000

Type  : Slow 1200mV 0C Model Hold 'clk'
Slack : 0.353
TNS   : 0.000

Type  : Slow 1200mV 0C Model Recovery 'clk'
Slack : 16.558
TNS   : 0.000

Type  : Slow 1200mV 0C Model Removal 'clk'
Slack : 2.004
TNS   : 0.000

Type  : Slow 1200mV 0C Model Minimum Pulse Width 'clk'
Slack : 9.763
TNS   : 0.000

Type  : Fast 1200mV 0C Model Setup 'clk'
Slack : 15.151
TNS   : 0.000

Type  : Fast 1200mV 0C Model Hold 'clk'
Slack : 0.181
TNS   : 0.000

Type  : Fast 1200mV 0C Model Recovery 'clk'
Slack : 17.170
TNS   : 0.000

Type  : Fast 1200mV 0C Model Removal 'clk'
Slack : 1.504
TNS   : 0.000

Type  : Fast 1200mV 0C Model Minimum Pulse Width 'clk'
Slack : 9.439
TNS   : 0.000

------------------------------------------------------------
