Flow report for FSM_Control
Mon Dec 29 16:11:33 2025
Quartus Prime Version 20.1.1 Build 720 11/11/2020 SJ Lite Edition


---------------------
; Table of Contents ;
---------------------
  1. Legal Notice
  2. Flow Summary
  3. Flow Settings
  4. Flow Non-Default Global Settings
  5. Flow Elapsed Time
  6. Flow OS Summary
  7. Flow Log
  8. Flow Messages
  9. Flow Suppressed Messages



----------------
; Legal Notice ;
----------------
Copyright (C) 2020  Intel Corporation. All rights reserved.
Your use of Intel Corporation's design tools, logic functions 
and other software and tools, and any partner logic 
functions, and any output files from any of the foregoing 
(including device programming or simulation files), and any 
associated documentation or information are expressly subject 
to the terms and conditions of the Intel Program License 
Subscription Agreement, the Intel Quartus Prime License Agreement,
the Intel FPGA IP License Agreement, or other applicable license
agreement, including, without limitation, that your use is for
the sole purpose of programming logic devices manufactured by
Intel and sold by Intel or its authorized distributors.  Please
refer to the applicable agreement for further details, at
https://fpgasoftware.intel.com/eula.



+----------------------------------------------------------------------------------+
; Flow Summary                                                                     ;
+------------------------------------+---------------------------------------------+
; Flow Status                        ; Successful - Mon Dec 29 16:11:33 2025       ;
; Quartus Prime Version              ; 20.1.1 Build 720 11/11/2020 SJ Lite Edition ;
; Revision Name                      ; FSM_Control                                 ;
; Top-level Entity Name              ; FSM_Control2                                ;
; Family                             ; Cyclone IV E                                ;
; Device                             ; EP4CE115F29C7                               ;
; Timing Models                      ; Final                                       ;
; Total logic elements               ; 50 / 114,480 ( < 1 % )                      ;
;     Total combinational functions  ; 45 / 114,480 ( < 1 % )                      ;
;     Dedicated logic registers      ; 27 / 114,480 ( < 1 % )                      ;
; Total registers                    ; 49                                          ;
; Total pins                         ; 25 / 529 ( 5 % )                            ;
; Total virtual pins                 ; 0                                           ;
; Total memory bits                  ; 0 / 3,981,312 ( 0 % )                       ;
; Embedded Multiplier 9-bit elements ; 0 / 532 ( 0 % )                             ;
; Total PLLs                         ; 0 / 4 ( 0 % )                               ;
+------------------------------------+---------------------------------------------+


+-----------------------------------------+
; Flow Settings                           ;
+-------------------+---------------------+
; Option            ; Setting             ;
+-------------------+---------------------+
; Start date & time ; 12/29/2025 16:11:09 ;
; Main task         ; Compilation         ;
; Revision Name     ; FSM_Control         ;
+-------------------+---------------------+


+------------------------------------------------------------------------------------------------------------------------------+
; Flow Non-Default Global Settings                                                                                             ;
+-------------------------------------+----------------------------------------+---------------+--------------+----------------+
; Assignment Name                     ; Value                                  ; Default Value ; Entity Name  ; Section Id     ;
+-------------------------------------+----------------------------------------+---------------+--------------+----------------+
; COMPILER_SIGNATURE_ID               ; 57562769038611.176703546920176         ; --            ; --           ; --             ;
; EDA_OUTPUT_DATA_FORMAT              ; Verilog Hdl                            ; --            ; --           ; eda_simulation ;
; EDA_SIMULATION_TOOL                 ; ModelSim-Altera (Verilog)              ; <None>        ; --           ; --             ;
; MAX_CORE_JUNCTION_TEMP              ; 85                                     ; --            ; --           ; --             ;
; MIN_CORE_JUNCTION_TEMP              ; 0                                      ; --            ; --           ; --             ;
; NOMINAL_CORE_SUPPLY_VOLTAGE         ; 1.2V                                   ; --            ; --           ; --             ;
; PARTITION_COLOR                     ; -- (Not supported for targeted family) ; --            ; FSM_Control2 ; Top            ;
; PARTITION_FITTER_PRESERVATION_LEVEL ; -- (Not supported for targeted family) ; --            ; FSM_Control2 ; Top            ;
; PARTITION_NETLIST_TYPE              ; -- (Not supported for targeted family) ; --            ; FSM_Control2 ; Top            ;
; POWER_BOARD_THERMAL_MODEL           ; None (CONSERVATIVE)                    ; --            ; --           ; --             ;
; POWER_PRESET_COOLING_SOLUTION       ; 23 MM HEAT SINK WITH 200 LFPM AIRFLOW  ; --            ; --           ; --             ;
; PROJECT_OUTPUT_DIRECTORY            ; output_files                           ; --            ; --           ; --             ;
; TOP_LEVEL_ENTITY                    ; FSM_Control2                           ; FSM_Control   ; --           ; --             ;
+-------------------------------------+----------------------------------------+---------------+--------------+----------------+


+--------------------------------------------------------------------------------------------------------------------------+
; Flow Elapsed Time                                                                                                        ;
+----------------------+--------------+-------------------------+---------------------+------------------------------------+
; Module Name          ; Elapsed Time ; Average Processors Used ; Peak Virtual Memory ; Total CPU Time (on all processors) ;
+----------------------+--------------+-------------------------+---------------------+------------------------------------+
; Analysis & Synthesis ; 00:00:08     ; 1.0                     ; 4828 MB             ; 00:00:17                           ;
; Fitter               ; 00:00:07     ; 1.0                     ; 6311 MB             ; 00:00:14                           ;
; Assembler            ; 00:00:02     ; 1.0                     ; 4695 MB             ; 00:00:02                           ;
; Timing Analyzer      ; 00:00:01     ; 1.0                     ; 4944 MB             ; 00:00:01                           ;
; EDA Netlist Writer   ; 00:00:01     ; 1.0                     ; 4660 MB             ; 00:00:01                           ;
; Total                ; 00:00:19     ; --                      ; --                  ; 00:00:35                           ;
+----------------------+--------------+-------------------------+---------------------+------------------------------------+


+------------------------------------------------------------------------------------+
; Flow OS Summary                                                                    ;
+----------------------+------------------+------------+------------+----------------+
; Module Name          ; Machine Hostname ; OS Name    ; OS Version ; Processor type ;
+----------------------+------------------+------------+------------+----------------+
; Analysis & Synthesis ; KEDU             ; Windows 10 ; 10.0       ; x86_64         ;
; Fitter               ; KEDU             ; Windows 10 ; 10.0       ; x86_64         ;
; Assembler            ; KEDU             ; Windows 10 ; 10.0       ; x86_64         ;
; Timing Analyzer      ; KEDU             ; Windows 10 ; 10.0       ; x86_64         ;
; EDA Netlist Writer   ; KEDU             ; Windows 10 ; 10.0       ; x86_64         ;
+----------------------+------------------+------------+------------+----------------+


------------
; Flow Log ;
------------
quartus_map --read_settings_files=on --write_settings_files=off FSM_Control -c FSM_Control
quartus_fit --read_settings_files=off --write_settings_files=off FSM_Control -c FSM_Control
quartus_asm --read_settings_files=off --write_settings_files=off FSM_Control -c FSM_Control
quartus_sta FSM_Control -c FSM_Control
quartus_eda --read_settings_files=off --write_settings_files=off FSM_Control -c FSM_Control



